[1m[33m[33m▲ [43;33m[[43;30mWARNING[43;33m][0m [1mNG8113: TitleCasePipe is not used within the template of DocumentsComponent[0m [1m[35m[plugin angular-compiler][0m

    src/app/documents/documents.component.ts:32:4:
[37m      32 │     [32mTitleCasePipe[37m,
         ╵     [32m~~~~~~~~~~~~~[0m


[33m▲ [43;33m[[43;30mWARNING[43;33m][0m [1mNG8113: CurrencyPipe is not used within the template of PayrollComponent[0m [1m[35m[plugin angular-compiler][0m

    src/app/payroll/payroll.component.ts:29:4:
[37m      29 │     [32mCurrencyPipe[37m,
         ╵     [32m~~~~~~~~~~~~[0m


[33m▲ [43;33m[[43;30mWARNING[43;33m][0m [1mNG8113: DatePipe is not used within the template of PayrollComponent[0m [1m[35m[plugin angular-compiler][0m

    src/app/payroll/payroll.component.ts:30:4:
[37m      30 │     [32mDatePipe[37m,
         ╵     [32m~~~~~~~~[0m

[39m[22m
[1m[33m[33m▲ [43;33m[[43;30mWARNING[43;33m][0m [1mNG8113: TitleCasePipe is not used within the template of DocumentsComponent[0m [1m[35m[plugin angular-compiler][0m

    src/app/documents/documents.component.ts:32:4:
[37m      32 │     [32mTitleCasePipe[37m,
         ╵     [32m~~~~~~~~~~~~~[0m


[33m▲ [43;33m[[43;30mWARNING[43;33m][0m [1mNG8113: CurrencyPipe is not used within the template of PayrollComponent[0m [1m[35m[plugin angular-compiler][0m

    src/app/payroll/payroll.component.ts:29:4:
[37m      29 │     [32mCurrencyPipe[37m,
         ╵     [32m~~~~~~~~~~~~[0m


[33m▲ [43;33m[[43;30mWARNING[43;33m][0m [1mNG8113: DatePipe is not used within the template of PayrollComponent[0m [1m[35m[plugin angular-compiler][0m

    src/app/payroll/payroll.component.ts:30:4:
[37m      30 │     [32mDatePipe[37m,
         ╵     [32m~~~~~~~~[0m

[39m[22m
